Microchip MPLAB XC8 Compiler V2.40

Linker command line:

-W-3 \
  --edf=C:\Program Files\Microchip\xc8\v2.40\pic\dat\20220703182018_en.msgs \
  -cn -h+dist/default/production\USB_KB_ForRealz.X.production.sym \
  --cmf=dist/default/production\USB_KB_ForRealz.X.production.cmf -z \
  -Q18F45K50 -oC:\Users\Mike\AppData\Local\Temp\xcAsdps.4 \
  --defsym=__MPLAB_BUILD=1 --fixupoverflow=error \
  -Mdist/default/production/USB_KB_ForRealz.X.production.map \
  --md=C:\Users\Mike\AppData\Local\Temp\xcAsdps.dat -E1 -ver=XC8 Compiler \
  --acfsm=1493 -ACODE=00h-07FFFh -ACONST=00h-07FFFh \
  -ASMALLCONST=0800h-08FFhx120 -AMEDIUMCONST=0800h-07FFFh -ACOMRAM=01h-05Fh \
  -AABS1=00h-07FFh -ABIGRAM=01h-07FFh -ARAM=060h-0FFh,0100h-01FFhx7 \
  -ABANK0=060h-0FFh -ABANK1=0100h-01FFh -ABANK2=0200h-02FFh \
  -ABANK3=0300h-03FFh -ABANK4=0400h-04FFh -ABANK5=0500h-05FFh \
  -ABANK6=0600h-06FFh -ABANK7=0700h-07FFh -ASFR=0F53h-0F5Fh,0F60h-0FFFh \
  -ABIGSFR=0F53h-0FFFh -ACONFIG=0300000h-030000Dh -AIDLOC=0200000h-0200007h \
  -AEEDATA=0F00000h-0F000FFh -peeprom_data=EEDATA \
  -preset_vec=00h,intcode=08h,intcodelo,powerup,init -pramtop=0800h \
  -psmallconst=SMALLCONST -pmediumconst=MEDIUMCONST -pconst=CONST \
  -AFARRAM=00h-00h \
  -prdata=COMRAM,nvrram=COMRAM,nvbit=COMRAM,rbss=COMRAM,rbit=COMRAM \
  -pfarbss=FARRAM,fardata=FARRAM,nvFARRAM=FARRAM \
  -pintsave_regs=BIGRAM,bigbss=BIGRAM,bigdata=BIGRAM -pbss=RAM \
  -pidata=CODE,irdata=CODE,ibigdata=CODE,ifardata=CODE -prparam=COMRAM \
  C:\Users\Mike\AppData\Local\Temp\xcAsdps.o \
  dist/default/production\USB_KB_ForRealz.X.production.o 

Object code version is 3.11

Machine type is 18F45K50



                Name                               Link     Load   Length Selector   Space Scale
C:\Users\Mike\AppData\Local\Temp\xcAsdps.o
                idloc                            200000   200000        8        0       5
                config                           300000   300000        E        0       4
                init                                 9C       9C        4        4       0
                reset_vec                             0        0        4        0       0
dist/default/production\USB_KB_ForRealz.X.production.o
                intcode                               8        8       94        4       0
                idloc                            200000   200000        8        0       5
                config                           300000   300000        E        0       4
                temp                                 51       51        1        1       1
                mediumconst                        7EAA     7EAA      156     3F55       0
                text34                             10D8     10D8      110        4       0
                text33                             12EC     12EC      104        4       0
                text32                             14F2     14F2       F0        4       0
                text31                              D3A      D3A      142        4       0
                text30                             1A02     1A02       74        4       0
                text29                             11E8     11E8      104        4       0
                text28                             1982     1982       80        4       0
                text27                               A0       A0      34C        4       0
                text26                              610      610      1A6        4       0
                text25                             13F0     13F0      102        4       0
                text24                              92E      92E      176        4       0
                text23                             15E2     15E2       E6        4       0
                text22                              FBC      FBC      11C        4       0
                text21                             1848     1848       AC        4       0
                text20                              E7C      E7C      140        4       0
                text19                             18F4     18F4       8E        4       0
                text18                             1AD6     1AD6       50        4       0
                text17                             1790     1790       B8        4       0
                text16                             1C30     1C30       34        4       0
                text15                             1A76     1A76       60        4       0
                text14                             1C64     1C64       2C        4       0
                text13                             1BF2     1BF2       3E        4       0
                text12                              BF2      BF2      148        4       0
                text11                              3EC      3EC      224        4       0
                text9                              1CFA     1CFA        4        4       0
                text8                              1CE8     1CE8       12        4       0
                text7                              1BB4     1BB4       3E        4       0
                text6                              1B72     1B72       42        4       0
                text5                               7B6      7B6      178        4       0
                text4                               AA4      AA4      14E        4       0
                text3                              1CD2     1CD2       16        4       0
                text2                              1B26     1B26       4C        4       0
                text1                              16C8     16C8       C8        4       0
                text0                              1CB8     1CB8       1A        4       0
                cstackCOMRAM                         30       30       21        1       1
                cstackBANK0                          60       60        D       60       1
                bssBANK0                             6D       6D        6       60       1
                bssCOMRAM                             1        1       2F        1       1
                cinit                              1C90     1C90       28        4       0

TOTAL           Name                               Link     Load   Length     Space
        CLASS   CODE           
                intcode                               8        8       94         0
                init                                 9C       9C        4         0
                reset_vec                             0        0        4         0
                text34                             10D8     10D8      110         0
                text33                             12EC     12EC      104         0
                text32                             14F2     14F2       F0         0
                text31                              D3A      D3A      142         0
                text30                             1A02     1A02       74         0
                text29                             11E8     11E8      104         0
                text28                             1982     1982       80         0
                text27                               A0       A0      34C         0
                text26                              610      610      1A6         0
                text25                             13F0     13F0      102         0
                text24                              92E      92E      176         0
                text23                             15E2     15E2       E6         0
                text22                              FBC      FBC      11C         0
                text21                             1848     1848       AC         0
                text20                              E7C      E7C      140         0
                text19                             18F4     18F4       8E         0
                text18                             1AD6     1AD6       50         0
                text17                             1790     1790       B8         0
                text16                             1C30     1C30       34         0
                text15                             1A76     1A76       60         0
                text14                             1C64     1C64       2C         0
                text13                             1BF2     1BF2       3E         0
                text12                              BF2      BF2      148         0
                text11                              3EC      3EC      224         0
                text9                              1CFA     1CFA        4         0
                text8                              1CE8     1CE8       12         0
                text7                              1BB4     1BB4       3E         0
                text6                              1B72     1B72       42         0
                text5                               7B6      7B6      178         0
                text4                               AA4      AA4      14E         0
                text3                              1CD2     1CD2       16         0
                text2                              1B26     1B26       4C         0
                text1                              16C8     16C8       C8         0
                text0                              1CB8     1CB8       1A         0
                cinit                              1C90     1C90       28         0

        CLASS   CONST          

        CLASS   SMALLCONST     

        CLASS   MEDIUMCONST    
                mediumconst                        7EAA     7EAA      156         0

        CLASS   COMRAM         
                temp                                 51       51        1         1
                cstackCOMRAM                         30       30       21         1
                bssCOMRAM                             1        1       2F         1

        CLASS   ABS1           
                abs_s1                              400      400       30         1

        CLASS   BIGRAM         

        CLASS   RAM            

        CLASS   BANK0          
                cstackBANK0                          60       60        D         1
                bssBANK0                             6D       6D        6         1

        CLASS   BANK1          

        CLASS   BANK2          

        CLASS   BANK3          

        CLASS   BANK4          

        CLASS   BANK5          

        CLASS   BANK6          

        CLASS   BANK7          

        CLASS   SFR            

        CLASS   BIGSFR         

        CLASS   CONFIG         
                config                           300000   300000        E         4

        CLASS   IDLOC          
                idloc                            200000   200000        8         5

        CLASS   EEDATA         

        CLASS   FARRAM         

        CLASS   HEAP           

        CLASS   STACK          



SEGMENTS        Name                           Load    Length   Top    Selector   Space  Class

                reset_vec                      000000  000004  000004         0       0  CODE    
                bssCOMRAM                      000001  000051  000052         1       1  COMRAM  
                intcode                        000008  001CF6  001CFE         4       0  CODE    
                cstackBANK0                    000060  000013  000073        60       1  BANK0   
                mediumconst                    007EAA  000156  008000      3F55       0  MEDIUMCO


UNUSED ADDRESS RANGES

        Name                Unused          Largest block    Delta
        BANK0            000073-0000FF               8D
        BANK1            000100-0001FF              100
        BANK2            000200-0002FF              100
        BANK3            000300-0003FF              100
        BANK4            000430-0004FF               D0
        BANK5            000500-0005FF              100
        BANK6            000600-0006FF              100
        BANK7            000700-0007FF              100
        BIGRAM           000052-00005F                E
                         000073-0003FF              38D
                         000430-0007FF              3D0
        BIGSFR           000F53-000FFF               AD
        CODE             000004-000007                4
                         001CFE-007EA9             61AC
        COMRAM           000052-00005F                E
        CONST            000004-000007                4
                         001CFE-007EA9             61AC
        EEDATA           F00000-F000FF              100
        MEDIUMCONST      001CFE-007EA9             61AC
        RAM              000073-0003FF              100
                         000430-0007FF              100
        SFR              000F53-000FFF                D
        SMALLCONST       001CFE-007EA9              100

                                  Symbol Table

MSdelay@i                                cstackBANK0  000062
MSdelay@j                                cstackBANK0  000064
MSdelay@val                              cstackBANK0  000060
USBCheckVendorRequest@Length             cstackCOMRAM 000030
USBCtrlTrfInHandler@lastDTS              cstackCOMRAM 000031
USBCtrlTrfRxService@byteToRead           cstackCOMRAM 000031
USBCtrlTrfRxService@i                    cstackCOMRAM 000030
USBCtrlTrfTxService@byteToSend           cstackCOMRAM 000030
USBDeviceInit@i                          cstackBANK0  00006C
USBDeviceTasks@i                         cstackCOMRAM 000044
USBStdFeatureReqHandler@current_ep_data  cstackCOMRAM 00003E
USBStdFeatureReqHandler@p                cstackCOMRAM 00003F
USBStdFeatureReqHandler@pUEP             cstackCOMRAM 00003C
USBStdGetStatusHandler@p                 cstackCOMRAM 000032
USBStdSetCfgHandler@i                    cstackCOMRAM 00003C
USER_USB_CALLBACK_EVENT_HANDLER@event    cstackCOMRAM 000032
USER_USB_CALLBACK_EVENT_HANDLER@pdata    cstackCOMRAM 000034
USER_USB_CALLBACK_EVENT_HANDLER@size     cstackCOMRAM 000036
_ACTCON                                  (abs)        000FB5
_ANSELA                                  (abs)        000F5B
_ANSELB                                  (abs)        000F5C
_ANSELC                                  (abs)        000F5D
_ANSELD                                  (abs)        000F5E
_ANSELE                                  (abs)        000F5F
_BDT                                     (abs)        000400
_BothEP0OutUOWNsSet                      bssCOMRAM    000026
_CompatIDFeatureDescriptor               mediumconst  007F75
_CtrlTrfData                             (abs)        000428
_ExtPropertyFeatureDescriptor            mediumconst  007EB3
_INTCON2bits                             (abs)        000FF1
_INTCONbits                              (abs)        000FF2
_INTERRUPT_Initialize                    text9        001CFA
_INTERRUPT_InterruptManager              intcode      000008
_IPR3bits                                (abs)        000FA5
_LATA                                    (abs)        000F89
_LATB                                    (abs)        000F8A
_LATC                                    (abs)        000F8B
_LATD                                    (abs)        000F8C
_LATDbits                                (abs)        000F8C
_LATE                                    (abs)        000F8D
_MSOSDescriptor                          mediumconst  007FD7
_MSdelay                                 text2        001B26
_OSCCON                                  (abs)        000FD3
_OSCCON2                                 (abs)        000FD2
_OSCILLATOR_Initialize                   text8        001CE8
_OSCTUNE                                 (abs)        000F9B
_PIE3bits                                (abs)        000FA3
_PIN_MANAGER_Initialize                  text7        001BB4
_PIR3bits                                (abs)        000FA4
_RCONbits                                (abs)        000FD0
_RemoteWakeup                            bssCOMRAM    000029
_SYSTEM_Initialize                       text3        001CD2
_Send_Alive_Message                      text1        0016C8
_SetupPkt                                (abs)        000420
_TRISA                                   (abs)        000F92
_TRISB                                   (abs)        000F93
_TRISC                                   (abs)        000F94
_TRISD                                   (abs)        000F95
_TRISDbits                               (abs)        000F95
_TRISE                                   (abs)        000F96
_UADDR                                   (abs)        000F63
_UCFG                                    (abs)        000F62
_UCON                                    (abs)        000F60
_UCONbits                                (abs)        000F60
_UEIE                                    (abs)        000F66
_UEIR                                    (abs)        000F67
_UEP0                                    (abs)        000F6A
_UEP0bits                                (abs)        000F6A
_UEP1                                    (abs)        000F6B
_UIE                                     (abs)        000F64
_UIEbits                                 (abs)        000F64
_UIR                                     (abs)        000F65
_UIRbits                                 (abs)        000F65
_USB1msTickCount                         bssBANK0     00006D
_USBActiveConfiguration                  bssCOMRAM    00002F
_USBAlternateInterface                   bssCOMRAM    00002E
_USBBusIsSuspended                       bssCOMRAM    000028
_USBCheckStdRequest                      text22       000FBC
_USBCheckVendorRequest                   text29       0011E8
_USBCtrlEPAllowDataStage                 text21       001848
_USBCtrlEPAllowStatusStage               text32       0014F2
_USBCtrlEPService                        text17       001790
_USBCtrlEPServiceComplete                text20       000E7C
_USBCtrlTrfInHandler                     text33       0012EC
_USBCtrlTrfOutHandler                    text30       001A02
_USBCtrlTrfRxService                     text31       000D3A
_USBCtrlTrfSetupHandler                  text19       0018F4
_USBCtrlTrfTxService                     text34       0010D8
_USBDeferINDataStagePackets              bssCOMRAM    000021
_USBDeferOUTDataStagePackets             bssCOMRAM    000020
_USBDeferStatusStagePacket               bssCOMRAM    000024
_USBDeviceAttach                         text6        001B72
_USBDeviceInit                           text4        000AA4
_USBDeviceState                          bssCOMRAM    00002C
_USBDeviceTasks                          text11       0003EC
_USBIncrement1msInternalTimers           text16       001C30
_USBStallHandler                         text15       001A76
_USBStatusStageEnabledFlag1              bssCOMRAM    000023
_USBStatusStageEnabledFlag2              bssCOMRAM    000022
_USBStatusStageTimeoutCounter            bssCOMRAM    000025
_USBStdFeatureReqHandler                 text27       0000A0
_USBStdGetDscHandler                     text26       000610
_USBStdGetStatusHandler                  text25       0013F0
_USBStdSetCfgHandler                     text23       0015E2
_USBSuspend                              text14       001C64
_USBTicksSinceSuspendEnd                 bssCOMRAM    00001F
_USBWakeFromSuspend                      text13       001BF2
_USB_CD_Ptr                              mediumconst  007EB1
_USB_SD_Ptr                              mediumconst  007EAB
_USER_USB_CALLBACK_EVENT_HANDLER         text28       001982
_USTAT                                   (abs)        000F61
_USTATcopy                               bssCOMRAM    00002D
_WPUB                                    (abs)        000F85
__HRAM                                   (abs)        000000
__Habs1                                  abs1         000000
__Hbank0                                 bank0        000000
__Hbank1                                 bank1        000000
__Hbank2                                 bank2        000000
__Hbank3                                 bank3        000000
__Hbank4                                 bank4        000000
__Hbank5                                 bank5        000000
__Hbank6                                 bank6        000000
__Hbank7                                 bank7        000000
__Hbigbss                                bigbss       000000
__Hbigdata                               bigdata      000000
__Hbigram                                bigram       000000
__Hbigsfr                                bigsfr       000000
__Hbss                                   bss          000000
__HbssBANK0                              bssBANK0     000000
__HbssCOMRAM                             bssCOMRAM    000000
__Hcinit                                 cinit        000000
__Hclrtext                               clrtext      000000
__Hcomram                                comram       000000
__Hconfig                                config       30000E
__Hconst                                 const        000000
__HcstackBANK0                           cstackBANK0  000000
__HcstackCOMRAM                          cstackCOMRAM 000000
__Hdata                                  data         000000
__Heeprom_data                           eeprom_data  000000
__Hfarbss                                farbss       000000
__Hfardata                               fardata      000000
__Hheap                                  heap         000000
__Hibigdata                              ibigdata     000000
__Hidata                                 idata        000000
__Hidloc                                 idloc        200008
__Hifardata                              ifardata     000000
__Hinit                                  init         0000A0
__Hintcode                               intcode      00009C
__Hintcode_body                          intcode_body 000000
__Hintcodelo                             intcodelo    00009C
__Hintentry                              intentry     000000
__Hintret                                intret       000000
__Hintsave_regs                          intsave_regs 000000
__Hirdata                                irdata       000000
__Hmediumconst                           mediumconst  008000
__HnvFARRAM                              nvFARRAM     000000
__Hnvbit                                 nvbit        000000
__Hnvrram                                nvrram       000000
__Hparam                                 rparam       000000
__Hpowerup                               powerup      00009C
__Hram                                   ram          000000
__Hramtop                                ramtop       000800
__Hrbit                                  rbit         000000
__Hrbss                                  rbss         000000
__Hrdata                                 rdata        000000
__Hreset_vec                             reset_vec    000004
__Hrparam                                rparam       000000
__Hsfr                                   sfr          000000
__Hsmallconst                            smallconst   000000
__Hspace_0                               (abs)        008000
__Hspace_1                               (abs)        000073
__Hspace_2                               (abs)        000000
__Hspace_4                               (abs)        60000E
__Hstack                                 stack        000000
__Hstruct                                struct       000000
__Htemp                                  temp         000052
__Htext                                  text         000000
__Htext0                                 text0        000000
__Htext1                                 text1        000000
__Htext11                                text11       000000
__Htext12                                text12       000000
__Htext13                                text13       000000
__Htext14                                text14       000000
__Htext15                                text15       000000
__Htext16                                text16       000000
__Htext17                                text17       000000
__Htext18                                text18       000000
__Htext19                                text19       000000
__Htext2                                 text2        000000
__Htext20                                text20       000000
__Htext21                                text21       000000
__Htext22                                text22       000000
__Htext23                                text23       000000
__Htext24                                text24       000000
__Htext25                                text25       000000
__Htext26                                text26       000000
__Htext27                                text27       000000
__Htext28                                text28       000000
__Htext29                                text29       000000
__Htext3                                 text3        000000
__Htext30                                text30       000000
__Htext31                                text31       000000
__Htext32                                text32       000000
__Htext33                                text33       000000
__Htext34                                text34       000000
__Htext4                                 text4        000000
__Htext5                                 text5        000000
__Htext6                                 text6        000000
__Htext7                                 text7        000000
__Htext8                                 text8        000000
__Htext9                                 text9        000000
__LRAM                                   (abs)        000001
__Labs1                                  abs1         000000
__Lbank0                                 bank0        000000
__Lbank1                                 bank1        000000
__Lbank2                                 bank2        000000
__Lbank3                                 bank3        000000
__Lbank4                                 bank4        000000
__Lbank5                                 bank5        000000
__Lbank6                                 bank6        000000
__Lbank7                                 bank7        000000
__Lbigbss                                bigbss       000000
__Lbigdata                               bigdata      000000
__Lbigram                                bigram       000000
__Lbigsfr                                bigsfr       000000
__Lbss                                   bss          000000
__LbssBANK0                              bssBANK0     000000
__LbssCOMRAM                             bssCOMRAM    000000
__Lcinit                                 cinit        000000
__Lclrtext                               clrtext      000000
__Lcomram                                comram       000000
__Lconfig                                config       000000
__Lconst                                 const        000000
__LcstackBANK0                           cstackBANK0  000000
__LcstackCOMRAM                          cstackCOMRAM 000000
__Ldata                                  data         000000
__Leeprom_data                           eeprom_data  000000
__Lfarbss                                farbss       000000
__Lfardata                               fardata      000000
__Lheap                                  heap         000000
__Libigdata                              ibigdata     000000
__Lidata                                 idata        000000
__Lidloc                                 idloc        000000
__Lifardata                              ifardata     000000
__Linit                                  init         00009C
__Lintcode                               intcode      000008
__Lintcode_body                          intcode_body 000000
__Lintcodelo                             intcodelo    00009C
__Lintentry                              intentry     000000
__Lintret                                intret       000000
__Lintsave_regs                          intsave_regs 000000
__Lirdata                                irdata       000000
__Lmediumconst                           mediumconst  007EAA
__LnvFARRAM                              nvFARRAM     000000
__Lnvbit                                 nvbit        000000
__Lnvrram                                nvrram       000000
__Lparam                                 rparam       000000
__Lpowerup                               powerup      00009C
__Lram                                   ram          000000
__Lramtop                                ramtop       000800
__Lrbit                                  rbit         000000
__Lrbss                                  rbss         000000
__Lrdata                                 rdata        000000
__Lreset_vec                             reset_vec    000000
__Lrparam                                rparam       000000
__Lsfr                                   sfr          000000
__Lsmallconst                            smallconst   000000
__Lspace_0                               (abs)        000000
__Lspace_1                               (abs)        000000
__Lspace_2                               (abs)        000000
__Lspace_4                               (abs)        000000
__Lstack                                 stack        000000
__Lstruct                                struct       000000
__Ltemp                                  temp         000051
__Ltext                                  text         000000
__Ltext0                                 text0        000000
__Ltext1                                 text1        000000
__Ltext11                                text11       000000
__Ltext12                                text12       000000
__Ltext13                                text13       000000
__Ltext14                                text14       000000
__Ltext15                                text15       000000
__Ltext16                                text16       000000
__Ltext17                                text17       000000
__Ltext18                                text18       000000
__Ltext19                                text19       000000
__Ltext2                                 text2        000000
__Ltext20                                text20       000000
__Ltext21                                text21       000000
__Ltext22                                text22       000000
__Ltext23                                text23       000000
__Ltext24                                text24       000000
__Ltext25                                text25       000000
__Ltext26                                text26       000000
__Ltext27                                text27       000000
__Ltext28                                text28       000000
__Ltext29                                text29       000000
__Ltext3                                 text3        000000
__Ltext30                                text30       000000
__Ltext31                                text31       000000
__Ltext32                                text32       000000
__Ltext33                                text33       000000
__Ltext34                                text34       000000
__Ltext4                                 text4        000000
__Ltext5                                 text5        000000
__Ltext6                                 text6        000000
__Ltext7                                 text7        000000
__Ltext8                                 text8        000000
__Ltext9                                 text9        000000
__S0                                     (abs)        008000
__S1                                     (abs)        000073
__S4                                     (abs)        000000
__S5                                     (abs)        000000
___heap_hi                               (abs)        000000
___heap_lo                               (abs)        000000
___inthi_sp                              stack        000000
___intlo_sp                              stack        000000
___param_bank                            (abs)        000000
___rparam_used                           (abs)        000001
___sp                                    stack        000000
__accesstop                              (abs)        000060
__activetblptr                           (abs)        000002
__end_of_CompatIDFeatureDescriptor       mediumconst  007F9D
__end_of_ExtPropertyFeatureDescriptor    mediumconst  007F41
__end_of_INTERRUPT_Initialize            text9        001CFE
__end_of_INTERRUPT_InterruptManager      intcode      00009C
__end_of_MSOSDescriptor                  mediumconst  007FE9
__end_of_MSdelay                         text2        001B72
__end_of_OSCILLATOR_Initialize           text8        001CFA
__end_of_PIN_MANAGER_Initialize          text7        001BF2
__end_of_SYSTEM_Initialize               text3        001CE8
__end_of_Send_Alive_Message              text1        001790
__end_of_USBCheckStdRequest              text22       0010D8
__end_of_USBCheckVendorRequest           text29       0012EC
__end_of_USBCtrlEPAllowDataStage         text21       0018F4
__end_of_USBCtrlEPAllowStatusStage       text32       0015E2
__end_of_USBCtrlEPService                text17       001848
__end_of_USBCtrlEPServiceComplete        text20       000FBC
__end_of_USBCtrlTrfInHandler             text33       0013F0
__end_of_USBCtrlTrfOutHandler            text30       001A76
__end_of_USBCtrlTrfRxService             text31       000E7C
__end_of_USBCtrlTrfSetupHandler          text19       001982
__end_of_USBCtrlTrfTxService             text34       0011E8
__end_of_USBDeviceAttach                 text6        001BB4
__end_of_USBDeviceInit                   text4        000BF2
__end_of_USBDeviceTasks                  text11       000610
__end_of_USBIncrement1msInternalTimers   text16       001C64
__end_of_USBStallHandler                 text15       001AD6
__end_of_USBStdFeatureReqHandler         text27       0003EC
__end_of_USBStdGetDscHandler             text26       0007B6
__end_of_USBStdGetStatusHandler          text25       0014F2
__end_of_USBStdSetCfgHandler             text23       0016C8
__end_of_USBSuspend                      text14       001C90
__end_of_USBWakeFromSuspend              text13       001C30
__end_of_USB_CD_Ptr                      mediumconst  007EB3
__end_of_USB_SD_Ptr                      mediumconst  007EB1
__end_of_USER_USB_CALLBACK_EVENT_HANDLER text28       001A02
__end_of__initialization                 cinit        001CAA
__end_of_configDescriptor1               mediumconst  007FBD
__end_of_device_dsc                      mediumconst  007FFB
__end_of_main                            text0        001CD2
__end_of_memcpy                          text18       001B26
__end_of_memset                          text5        00092E
__end_of_sd000                           mediumconst  007FFF
__end_of_sd001                           mediumconst  007F75
__end_of_sd002                           mediumconst  007FD7
__end_ofi2_USBDeviceInit                 text12       000D3A
__end_ofi2_memset                        text24       000AA4
__initialization                         cinit        001C90
__mediumconst                            mediumconst  007EAA
__pbssBANK0                              bssBANK0     00006D
__pbssCOMRAM                             bssCOMRAM    000001
__pcinit                                 cinit        001C90
__pcstackBANK0                           cstackBANK0  000060
__pcstackCOMRAM                          cstackCOMRAM 000030
__pintcode                               intcode      000008
__pmediumconst                           mediumconst  007EAA
__ptext0                                 text0        001CB8
__ptext1                                 text1        0016C8
__ptext11                                text11       0003EC
__ptext12                                text12       000BF2
__ptext13                                text13       001BF2
__ptext14                                text14       001C64
__ptext15                                text15       001A76
__ptext16                                text16       001C30
__ptext17                                text17       001790
__ptext18                                text18       001AD6
__ptext19                                text19       0018F4
__ptext2                                 text2        001B26
__ptext20                                text20       000E7C
__ptext21                                text21       001848
__ptext22                                text22       000FBC
__ptext23                                text23       0015E2
__ptext24                                text24       00092E
__ptext25                                text25       0013F0
__ptext26                                text26       000610
__ptext27                                text27       0000A0
__ptext28                                text28       001982
__ptext29                                text29       0011E8
__ptext3                                 text3        001CD2
__ptext30                                text30       001A02
__ptext31                                text31       000D3A
__ptext32                                text32       0014F2
__ptext33                                text33       0012EC
__ptext34                                text34       0010D8
__ptext4                                 text4        000AA4
__ptext5                                 text5        0007B6
__ptext6                                 text6        001B72
__ptext7                                 text7        001BB4
__ptext8                                 text8        001CE8
__ptext9                                 text9        001CFA
__ramtop                                 ramtop       000800
__smallconst                             smallconst   000000
_configDescriptor1                       mediumconst  007F9D
_controlTransferState                    bssCOMRAM    00002A
_device_dsc                              mediumconst  007FE9
_endpoint_number                         bssCOMRAM    000027
_ep_data_in                              bssCOMRAM    000019
_ep_data_out                             bssCOMRAM    000017
_inPipes                                 bssCOMRAM    000009
_main                                    text0        001CB8
_memcpy                                  text18       001AD6
_memset                                  text5        0007B6
_outPipes                                bssCOMRAM    000001
_pBDTEntryEP0OutCurrent                  bssCOMRAM    00001D
_pBDTEntryEP0OutNext                     bssCOMRAM    00001B
_pBDTEntryIn                             bssCOMRAM    00000F
_pBDTEntryOut                            bssCOMRAM    000013
_pDst                                    bssBANK0     000071
_sd000                                   mediumconst  007FFB
_sd001                                   mediumconst  007F41
_sd002                                   mediumconst  007FBD
_shortPacketStatus                       bssCOMRAM    00002B
btemp                                    temp         000051
end_of_initialization                    cinit        001CAA
i2USBDeviceInit@i                        cstackCOMRAM 00003C
i2_USBDeviceInit                         text12       000BF2
i2_memset                                text24       00092E
i2memset@c                               cstackCOMRAM 000032
i2memset@dest                            cstackCOMRAM 000030
i2memset@k                               cstackCOMRAM 000038
i2memset@n                               cstackCOMRAM 000034
i2memset@s                               cstackCOMRAM 00003A
int$flags                                temp         000051
intlevel0                                text         000000
intlevel1                                text         000000
intlevel2                                text         000000
intlevel3                                text         000000
isa$std                                  (abs)        000001
isa$xinst                                (abs)        000000
memcpy@d                                 cstackCOMRAM 000036
memcpy@d1                                cstackCOMRAM 000030
memcpy@n                                 cstackCOMRAM 000034
memcpy@s                                 cstackCOMRAM 000038
memcpy@s1                                cstackCOMRAM 000032
memcpy@tmp                               cstackCOMRAM 00003A
memset@c                                 cstackBANK0  000062
memset@dest                              cstackBANK0  000060
memset@k                                 cstackBANK0  000068
memset@n                                 cstackBANK0  000064
memset@s                                 cstackBANK0  00006A
stackhi                                  (abs)        000000
stacklo                                  (abs)        000000
start                                    init         00009C
start_initialization                     cinit        001C90
ttemp5                                   temp         000052
ttemp6                                   temp         000055
ttemp7                                   temp         000059
wtemp8                                   temp         000052


MODULE INFORMATION

Module		Function		Class		Link	Load	Size
C:\Program Files\Microchip\xc8\v2.40\pic\sources\c99\common\memcpy.c
		_memcpy        		CODE           	1AD6	0000	80

C:\Program Files\Microchip\xc8\v2.40\pic\sources\c99\common\memcpy.c estimated size: 80

mcc_generated_files/interrupt_manager.c
		_INTERRUPT_Initialize		CODE           	1CFA	0000	4
		_INTERRUPT_InterruptManager		CODE           	0008	0000	148

mcc_generated_files/interrupt_manager.c estimated size: 152

mcc_generated_files/pin_manager.c
		_PIN_MANAGER_Initialize		CODE           	1BB4	0000	62

mcc_generated_files/pin_manager.c estimated size: 62

mcc_generated_files/usb/usb_device_generic.c
		_USBCheckVendorRequest		CODE           	11E8	0000	260

mcc_generated_files/usb/usb_device_generic.c estimated size: 260

shared
		_configDescriptor1		MEDIUMCONST    	7F9D	0000	32
		_USB_CD_Ptr    		MEDIUMCONST    	7EB1	0000	2
		_MSOSDescriptor		MEDIUMCONST    	7FD7	0000	18
		_sd001         		MEDIUMCONST    	7F41	0000	52
		_sd002         		MEDIUMCONST    	7FBD	0000	26
		_CompatIDFeatureDescriptor		MEDIUMCONST    	7F75	0000	40
		i2_USBDeviceInit		CODE           	0BF2	0000	328
		__initialization		CODE           	1C90	0000	26
		_device_dsc    		MEDIUMCONST    	7FE9	0000	18
		_ExtPropertyFeatureDescriptor		MEDIUMCONST    	7EB3	0000	142
		_USB_SD_Ptr    		MEDIUMCONST    	7EAB	0000	6
		i2_memset      		CODE           	092E	0000	374
		_sd000         		MEDIUMCONST    	7FFB	0000	4

shared estimated size: 1068

mcc_generated_files/usb/usb_device_events.c
		_USER_USB_CALLBACK_EVENT_HANDLER		CODE           	1982	0000	128

mcc_generated_files/usb/usb_device_events.c estimated size: 128

mcc_generated_files/mcc.c
		_OSCILLATOR_Initialize		CODE           	1CE8	0000	18
		_SYSTEM_Initialize		CODE           	1CD2	0000	22

mcc_generated_files/mcc.c estimated size: 40

C:\Program Files\Microchip\xc8\v2.40\pic\sources\c99\common\memset.c
		_memset        		CODE           	07B6	0000	376

C:\Program Files\Microchip\xc8\v2.40\pic\sources\c99\common\memset.c estimated size: 376

main.c
		_main          		CODE           	1CB8	0000	26
		_Send_Alive_Message		CODE           	16C8	0000	200
		_MSdelay       		CODE           	1B26	0000	76

main.c estimated size: 302

mcc_generated_files/usb/usb_device.c
		_USBCtrlTrfInHandler		CODE           	12EC	0000	260
		_USBDeviceAttach		CODE           	1B72	0000	66
		_USBStdGetDscHandler		CODE           	0610	0000	422
		_USBCtrlEPAllowDataStage		CODE           	1848	0000	172
		_USBStdFeatureReqHandler		CODE           	00A0	0000	844
		_USBCtrlEPAllowStatusStage		CODE           	14F2	0000	240
		_USBCtrlTrfSetupHandler		CODE           	18F4	0000	142
		_USBCtrlTrfOutHandler		CODE           	1A02	0000	116
		_USBCtrlEPServiceComplete		CODE           	0E7C	0000	320
		_USBSuspend    		CODE           	1C64	0000	44
		_USBStdSetCfgHandler		CODE           	15E2	0000	230
		_USBStdGetStatusHandler		CODE           	13F0	0000	258
		_USBWakeFromSuspend		CODE           	1BF2	0000	62
		_USBCtrlTrfRxService		CODE           	0D3A	0000	322
		_USBCtrlTrfTxService		CODE           	10D8	0000	272
		_USBDeviceInit 		CODE           	0AA4	0000	334
		_USBIncrement1msInternalTimers		CODE           	1C30	0000	52
		_USBCtrlEPService		CODE           	1790	0000	184
		_USBStallHandler		CODE           	1A76	0000	96
		_USBDeviceTasks		CODE           	03EC	0000	548
		_USBCheckStdRequest		CODE           	0FBC	0000	284

mcc_generated_files/usb/usb_device.c estimated size: 5268

